exports[`Product row  matches snapshot  1`] = `
<tr>
  <td>
     
    FootBall
     
  </td>
  <td>
     
    50
     
  </td>
</tr>
`;
