exports[`Product category row  matches snapshot  1`] = `
<th>
  <td>
     
    Electronics
     
  </td>
</th>
`;
