exports[`Search Bar snapshot 1`] = `
<form>
  <input
    onChange={[Function bound handleChange]}
    type="textbox"
    value={undefined} />
</form>
`;
